// WKaiJ 环境

#### 凌晨三点113的sdad删除完成，早上八点sdab出scache io error
```
// 底层库libaio返回报错-5
2022-09-27 08:07:37.995853 7f16d59f1700 2393758 14
  ERROR -1 scache io error, comp_type = 7, data = 0x7f15e3d95848, success = 0, comp_len = -5
2022-09-27 08:07:37.995894 7f16d51f0700 2393759 18
  ERROR -1 bluestore(/var/lib/ceph/osd/ceph-18) on_read_queue_ex_on_complete->result = -5 
```

```
[Tue Sep 27 08:07:43 2022] sd 0:2:27:0: [sdab]
  tag#1226 FAILED Result: hostbyte=DID_BAD_TARGET driverbyte=DRIVER_OK cmd_age=26s
[Tue Sep 27 08:07:43 2022] sd 0:2:27:0: [sdab]
  tag#1226 CDB: Read(16) 88 00 00 00 00 02 91 89 d6 00 00 00 00 80 00 00
[Tue Sep 27 08:07:43 2022] blk_update_request:
  I/O error, dev sdab, sector 11031664128 op 0x0:(READ) flags 0x0 phys_seg 16 prio class 0 
```


用smartctl来查看，smart是一种磁盘的自我分析检查技术

```
[root@node113 ~]# smartctl -a -d megaraid,32 /dev/sda
smartctl 7.0 2018-12-30 r4883 [x86_64-linux-5.10.38-21.hl06.el7.x86_64] (local build)
Copyright (C) 2002-18, Bruce Allen, Christian Franke, www.smartmontools.org

=== START OF INFORMATION SECTION ===
Model Family:     Seagate Enterprise Capacity 3.5 HDD
Device Model:     ST8000NM0055-1RM112
Serial Number:    ZA1CPFXK
LU WWN Device Id: 5 000c50 0b228bd52
Firmware Version: SN05
User Capacity:    8,001,563,222,016 bytes [8.00 TB]
Sector Sizes:     512 bytes logical, 4096 bytes physical
Rotation Rate:    7200 rpm
Form Factor:      3.5 inches
Device is:        In smartctl database [for details use: -P show]
ATA Version is:   ACS-3 T13/2161-D revision 5
SATA Version is:  SATA 3.1, 6.0 Gb/s (current: 6.0 Gb/s)
Local Time is:    Tue Sep 27 15:06:22 2022 CST
SMART support is: Available - device has SMART capability.
SMART support is: Enabled 

Error 5 occurred at disk power-on lifetime: 24183 hours (1007 days + 15 hours)
  When the command that caused the error occurred, the device was active or idle.

  After command completion occurred, registers were:
  ER ST SC SN CL CH DH
  -- -- -- -- -- -- --
  40 53 00 ff ff ff 0f  Error: UNC at LBA = 0x0fffffff = 268435455

  Commands leading to the command that caused the error were:
  CR FR SC SN CL CH DH DC   Powered_Up_Time  Command/Feature_Name
  -- -- -- -- -- -- -- --  ----------------  --------------------
  60 00 80 ff ff ff 4f 00  33d+11:13:10.351  READ FPDMA QUEUED
  ef 82 00 00 00 00 00 00  33d+11:13:10.351  SET FEATURES [Disable write cache]
  ef aa 00 00 00 00 00 00  33d+11:13:10.351  SET FEATURES [Enable read look-ahead]
  ec 00 00 00 00 00 00 00  33d+11:13:10.348  IDENTIFY DEVICE
  b0 d0 00 00 4f c2 00 00  33d+11:13:10.322  SMART READ DATA 
```
